client/src/components/AIChatBox.tsx(107,9): error TS2314: Generic type 'UIMessagePart' requires 2 type argument(s).
client/src/components/AIChatBox.tsx(248,27): error TS2322: Type '"static" | "typewriter"' is not assignable to type '"static" | "streaming" | undefined'.
  Type '"typewriter"' is not assignable to type '"static" | "streaming" | undefined'.
client/src/components/AIChatBox.tsx(259,38): error TS2314: Generic type 'UIMessagePart' requires 2 type argument(s).
client/src/components/DashboardLayout.tsx(73,15): error TS2322: Type 'string | null' is not assignable to type 'string'.
  Type 'null' is not assignable to type 'string'.
client/src/components/Markdown.tsx(220,7): error TS2322: Type '{ children: string | undefined; mode?: "static" | "streaming" | undefined; rehypePlugins?: PluggableList | undefined; remarkPlugins?: PluggableList | undefined; ... 10 more ...; controls: ControlsConfig; }' is not assignable to type 'IntrinsicAttributes & Options & { mode?: "static" | "streaming" | undefined; BlockComponent?: ComponentType<BlockProps> | undefined; ... 6 more ...; isAnimating?: boolean | undefined; }'.
  Property 'plugins' does not exist on type 'IntrinsicAttributes & Options & { mode?: "static" | "streaming" | undefined; BlockComponent?: ComponentType<BlockProps> | undefined; ... 6 more ...; isAnimating?: boolean | undefined; }'.
client/src/main.tsx(21,3): error TS2322: Type 'string | null' is not assignable to type 'string'.
  Type 'null' is not assignable to type 'string'.
client/src/pages/ComponentShowcase.tsx(1392,21): error TS2322: Type '{ api: string; placeholder: string; height: string; emptyStateMessage: string; suggestedPrompts: string[]; }' is not assignable to type 'IntrinsicAttributes & AIChatBoxProps'.
  Property 'height' does not exist on type 'IntrinsicAttributes & AIChatBoxProps'.
client/src/pages/Dashboard.tsx(173,32): error TS2352: Conversion of type '{ format: string; data: { shortCode: string; originalUrl: string; customDomain: string | null; description: string | null; isActive: number; isValid: number; clickCount: number | undefined; createdAt: Date; expiresAt: Date | null; }[]; } | { ...; } | undefined' to type 'string' may be a mistake because neither type sufficiently overlaps with the other. If this was intentional, convert the expression to 'unknown' first.
  Type '{ format: string; data: string; }' is not comparable to type 'string'.
client/src/pages/LinkDetail.tsx(5,21): error TS2305: Module '"wouter"' has no exported member 'useNavigate'.
server/db.ts(45,7): error TS2322: Type 'string | number | null' is not assignable to type 'null | undefined'.
  Type 'string' is not assignable to type 'null | undefined'.
server/db.ts(173,7): error TS2345: Argument of type 'SQL<unknown> | undefined' is not assignable to parameter of type 'SQL<unknown>'.
  Type 'undefined' is not assignable to type 'SQL<unknown>'.
