client/src/components/admin/TenantManagement.tsx(114,34): error TS7006: Parameter 'e' implicitly has an 'any' type.
client/src/components/admin/UsageAnalytics.tsx(2,10): error TS2724: '"recharts"' has no exported member named 'LineChart'. Did you mean 'PieChart'?
client/src/components/admin/UsageAnalytics.tsx(2,21): error TS2305: Module '"recharts"' has no exported member 'Line'.
client/src/components/admin/UsageAnalytics.tsx(2,27): error TS2724: '"recharts"' has no exported member named 'BarChart'. Did you mean 'AreaChart'?
client/src/components/admin/UsageAnalytics.tsx(2,37): error TS2305: Module '"recharts"' has no exported member 'Bar'.
client/src/components/AIChatBox.tsx(107,9): error TS2314: Generic type 'UIMessagePart' requires 2 type argument(s).
client/src/components/AIChatBox.tsx(120,66): error TS2709: Cannot use namespace 'ReactNode' as a type.
client/src/components/AIChatBox.tsx(259,38): error TS2314: Generic type 'UIMessagePart' requires 2 type argument(s).
client/src/components/AIChatBox.tsx(338,25): error TS2347: Untyped function calls may not accept type arguments.
client/src/components/AIChatBox.tsx(339,23): error TS2347: Untyped function calls may not accept type arguments.
client/src/components/AIChatBox.tsx(510,26): error TS7006: Parameter 'e' implicitly has an 'any' type.
client/src/components/DashboardLayout.tsx(40,19): error TS2694: Namespace '"react"' has no exported member 'ReactNode'.
client/src/components/DashboardLayout.tsx(88,20): error TS2694: Namespace '"react"' has no exported member 'CSSProperties'.
client/src/components/DashboardLayout.tsx(99,19): error TS2694: Namespace '"react"' has no exported member 'ReactNode'.
client/src/components/DashboardLayout.tsx(113,22): error TS2347: Untyped function calls may not accept type arguments.
client/src/components/ErrorBoundary.tsx(6,13): error TS2709: Cannot use namespace 'ReactNode' as a type.
client/src/components/Map.tsx(89,29): error TS2339: Property 'env' does not exist on type 'ImportMeta'.
client/src/components/Map.tsx(91,15): error TS2339: Property 'env' does not exist on type 'ImportMeta'.
client/src/components/Map.tsx(125,24): error TS2347: Untyped function calls may not accept type arguments.
client/src/components/Map.tsx(126,15): error TS2347: Untyped function calls may not accept type arguments.
client/src/components/Markdown.tsx(80,35): error TS2709: Cannot use namespace 'ReactNode' as a type.
client/src/components/Markdown.tsx(85,35): error TS2709: Cannot use namespace 'ReactNode' as a type.
client/src/components/Markdown.tsx(90,35): error TS2709: Cannot use namespace 'ReactNode' as a type.
client/src/components/Markdown.tsx(95,35): error TS2709: Cannot use namespace 'ReactNode' as a type.
client/src/components/Markdown.tsx(100,34): error TS2709: Cannot use namespace 'ReactNode' as a type.
client/src/components/Markdown.tsx(103,55): error TS2709: Cannot use namespace 'ReactNode' as a type.
client/src/components/Markdown.tsx(113,39): error TS2709: Cannot use namespace 'ReactNode' as a type.
client/src/components/Markdown.tsx(116,35): error TS2709: Cannot use namespace 'ReactNode' as a type.
client/src/components/Markdown.tsx(121,35): error TS2709: Cannot use namespace 'ReactNode' as a type.
client/src/components/Markdown.tsx(124,35): error TS2709: Cannot use namespace 'ReactNode' as a type.
client/src/components/Markdown.tsx(127,35): error TS2709: Cannot use namespace 'ReactNode' as a type.
client/src/components/Markdown.tsx(132,43): error TS2709: Cannot use namespace 'ReactNode' as a type.
client/src/components/Markdown.tsx(140,38): error TS2709: Cannot use namespace 'ReactNode' as a type.
client/src/components/Markdown.tsx(145,38): error TS2709: Cannot use namespace 'ReactNode' as a type.
client/src/components/Markdown.tsx(146,38): error TS2709: Cannot use namespace 'ReactNode' as a type.
client/src/components/Markdown.tsx(147,35): error TS2709: Cannot use namespace 'ReactNode' as a type.
client/src/components/Markdown.tsx(150,35): error TS2709: Cannot use namespace 'ReactNode' as a type.
client/src/components/Markdown.tsx(155,35): error TS2709: Cannot use namespace 'ReactNode' as a type.
client/src/components/Markdown.tsx(169,27): error TS2709: Cannot use namespace 'ComponentProps' as a type.
client/src/components/ui/accordion.tsx(9,10): error TS2694: Namespace '"react"' has no exported member 'ComponentProps'.
client/src/components/ui/accordion.tsx(16,10): error TS2694: Namespace '"react"' has no exported member 'ComponentProps'.
client/src/components/ui/accordion.tsx(30,10): error TS2694: Namespace '"react"' has no exported member 'ComponentProps'.
client/src/components/ui/accordion.tsx(52,10): error TS2694: Namespace '"react"' has no exported member 'ComponentProps'.
client/src/components/ui/alert-dialog.tsx(9,10): error TS2694: Namespace '"react"' has no exported member 'ComponentProps'.
client/src/components/ui/alert-dialog.tsx(15,10): error TS2694: Namespace '"react"' has no exported member 'ComponentProps'.
client/src/components/ui/alert-dialog.tsx(23,10): error TS2694: Namespace '"react"' has no exported member 'ComponentProps'.
client/src/components/ui/alert-dialog.tsx(32,10): error TS2694: Namespace '"react"' has no exported member 'ComponentProps'.
client/src/components/ui/alert-dialog.tsx(48,10): error TS2694: Namespace '"react"' has no exported member 'ComponentProps'.
client/src/components/ui/alert-dialog.tsx(67,10): error TS2694: Namespace '"react"' has no exported member 'ComponentProps'.
client/src/components/ui/alert-dialog.tsx(80,10): error TS2694: Namespace '"react"' has no exported member 'ComponentProps'.
client/src/components/ui/alert-dialog.tsx(96,10): error TS2694: Namespace '"react"' has no exported member 'ComponentProps'.
client/src/components/ui/alert-dialog.tsx(109,10): error TS2694: Namespace '"react"' has no exported member 'ComponentProps'.
client/src/components/ui/alert-dialog.tsx(122,10): error TS2694: Namespace '"react"' has no exported member 'ComponentProps'.
client/src/components/ui/alert-dialog.tsx(134,10): error TS2694: Namespace '"react"' has no exported member 'ComponentProps'.
client/src/components/ui/alert.tsx(26,10): error TS2694: Namespace '"react"' has no exported member 'ComponentProps'.
client/src/components/ui/alert.tsx(37,52): error TS2694: Namespace '"react"' has no exported member 'ComponentProps'.
client/src/components/ui/alert.tsx(53,10): error TS2694: Namespace '"react"' has no exported member 'ComponentProps'.
client/src/components/ui/avatar.tsx(9,10): error TS2694: Namespace '"react"' has no exported member 'ComponentProps'.
client/src/components/ui/avatar.tsx(25,10): error TS2694: Namespace '"react"' has no exported member 'ComponentProps'.
client/src/components/ui/avatar.tsx(38,10): error TS2694: Namespace '"react"' has no exported member 'ComponentProps'.
client/src/components/ui/badge.tsx(33,10): error TS2694: Namespace '"react"' has no exported member 'ComponentProps'.
client/src/components/ui/breadcrumb.tsx(7,41): error TS2694: Namespace '"react"' has no exported member 'ComponentProps'.
client/src/components/ui/breadcrumb.tsx(11,56): error TS2694: Namespace '"react"' has no exported member 'ComponentProps'.
client/src/components/ui/breadcrumb.tsx(24,56): error TS2694: Namespace '"react"' has no exported member 'ComponentProps'.
client/src/components/ui/breadcrumb.tsx(38,10): error TS2694: Namespace '"react"' has no exported member 'ComponentProps'.
client/src/components/ui/breadcrumb.tsx(52,56): error TS2694: Namespace '"react"' has no exported member 'ComponentProps'.
client/src/components/ui/breadcrumb.tsx(69,10): error TS2694: Namespace '"react"' has no exported member 'ComponentProps'.
client/src/components/ui/breadcrumb.tsx(86,10): error TS2694: Namespace '"react"' has no exported member 'ComponentProps'.
client/src/components/ui/button.tsx(45,10): error TS2694: Namespace '"react"' has no exported member 'ComponentProps'.
client/src/components/ui/calendar.tsx(21,10): error TS2694: Namespace '"react"' has no exported member 'ComponentProps'.
client/src/components/ui/calendar.tsx(22,25): error TS2694: Namespace '"react"' has no exported member 'ComponentProps'.
client/src/components/ui/calendar.tsx(178,10): error TS2694: Namespace '"react"' has no exported member 'ComponentProps'.
client/src/components/ui/calendar.tsx(181,15): error TS2347: Untyped function calls may not accept type arguments.
client/src/components/ui/card.tsx(5,46): error TS2694: Namespace '"react"' has no exported member 'ComponentProps'.
client/src/components/ui/card.tsx(18,52): error TS2694: Namespace '"react"' has no exported member 'ComponentProps'.
client/src/components/ui/card.tsx(31,51): error TS2694: Namespace '"react"' has no exported member 'ComponentProps'.
client/src/components/ui/card.tsx(41,57): error TS2694: Namespace '"react"' has no exported member 'ComponentProps'.
client/src/components/ui/card.tsx(51,52): error TS2694: Namespace '"react"' has no exported member 'ComponentProps'.
client/src/components/ui/card.tsx(64,53): error TS2694: Namespace '"react"' has no exported member 'ComponentProps'.
client/src/components/ui/card.tsx(74,52): error TS2694: Namespace '"react"' has no exported member 'ComponentProps'.
client/src/components/ui/carousel.tsx(31,25): error TS2347: Untyped function calls may not accept type arguments.
client/src/components/ui/carousel.tsx(51,10): error TS2694: Namespace '"react"' has no exported member 'ComponentProps'.
client/src/components/ui/carousel.tsx(77,19): error TS2694: Namespace '"react"' has no exported member 'KeyboardEvent'.
client/src/components/ui/carousel.tsx(133,57): error TS2694: Namespace '"react"' has no exported member 'ComponentProps'.
client/src/components/ui/carousel.tsx(154,54): error TS2694: Namespace '"react"' has no exported member 'ComponentProps'.
client/src/components/ui/carousel.tsx(177,10): error TS2694: Namespace '"react"' has no exported member 'ComponentProps'.
client/src/components/ui/carousel.tsx(207,10): error TS2694: Namespace '"react"' has no exported member 'ComponentProps'.
client/src/components/ui/chart.tsx(11,19): error TS2694: Namespace '"react"' has no exported member 'ReactNode'.
client/src/components/ui/chart.tsx(12,18): error TS2694: Namespace '"react"' has no exported member 'ComponentType'.
client/src/components/ui/chart.tsx(23,22): error TS2347: Untyped function calls may not accept type arguments.
client/src/components/ui/chart.tsx(41,10): error TS2694: Namespace '"react"' has no exported member 'ComponentProps'.
client/src/components/ui/chart.tsx(43,19): error TS2694: Namespace '"react"' has no exported member 'ComponentProps'.
client/src/components/ui/chart.tsx(119,10): error TS2694: Namespace '"react"' has no exported member 'ComponentProps'.
client/src/components/ui/chart.tsx(120,9): error TS2694: Namespace '"react"' has no exported member 'ComponentProps'.
client/src/components/ui/chart.tsx(181,19): error TS7006: Parameter 'item' implicitly has an 'any' type.
client/src/components/ui/chart.tsx(182,17): error TS7006: Parameter 'item' implicitly has an 'any' type.
client/src/components/ui/chart.tsx(182,23): error TS7006: Parameter 'index' implicitly has an 'any' type.
client/src/components/ui/chart.tsx(218,40): error TS2694: Namespace '"react"' has no exported member 'CSSProperties'.
client/src/components/ui/chart.tsx(259,10): error TS2694: Namespace '"react"' has no exported member 'ComponentProps'.
client/src/components/ui/chart.tsx(260,26): error TS2694: Namespace '"recharts"' has no exported member 'LegendProps'.
client/src/components/ui/chart.tsx(279,17): error TS7006: Parameter 'item' implicitly has an 'any' type.
client/src/components/ui/chart.tsx(280,14): error TS7006: Parameter 'item' implicitly has an 'any' type.
client/src/components/ui/checkbox.tsx(10,10): error TS2694: Namespace '"react"' has no exported member 'ComponentProps'.
client/src/components/ui/command.tsx(19,10): error TS2694: Namespace '"react"' has no exported member 'ComponentProps'.
client/src/components/ui/command.tsx(39,10): error TS2694: Namespace '"react"' has no exported member 'ComponentProps'.
client/src/components/ui/command.tsx(66,10): error TS2694: Namespace '"react"' has no exported member 'ComponentProps'.
client/src/components/ui/command.tsx(88,10): error TS2694: Namespace '"react"' has no exported member 'ComponentProps'.
client/src/components/ui/command.tsx(103,10): error TS2694: Namespace '"react"' has no exported member 'ComponentProps'.
client/src/components/ui/command.tsx(116,10): error TS2694: Namespace '"react"' has no exported member 'ComponentProps'.
client/src/components/ui/command.tsx(132,10): error TS2694: Namespace '"react"' has no exported member 'ComponentProps'.
client/src/components/ui/command.tsx(145,10): error TS2694: Namespace '"react"' has no exported member 'ComponentProps'.
client/src/components/ui/command.tsx(161,10): error TS2694: Namespace '"react"' has no exported member 'ComponentProps'.
client/src/components/ui/context-menu.tsx(9,10): error TS2694: Namespace '"react"' has no exported member 'ComponentProps'.
client/src/components/ui/context-menu.tsx(15,10): error TS2694: Namespace '"react"' has no exported member 'ComponentProps'.
client/src/components/ui/context-menu.tsx(23,10): error TS2694: Namespace '"react"' has no exported member 'ComponentProps'.
client/src/components/ui/context-menu.tsx(31,10): error TS2694: Namespace '"react"' has no exported member 'ComponentProps'.
client/src/components/ui/context-menu.tsx(39,10): error TS2694: Namespace '"react"' has no exported member 'ComponentProps'.
client/src/components/ui/context-menu.tsx(45,10): error TS2694: Namespace '"react"' has no exported member 'ComponentProps'.
client/src/components/ui/context-menu.tsx(59,10): error TS2694: Namespace '"react"' has no exported member 'ComponentProps'.
client/src/components/ui/context-menu.tsx(81,10): error TS2694: Namespace '"react"' has no exported member 'ComponentProps'.
client/src/components/ui/context-menu.tsx(97,10): error TS2694: Namespace '"react"' has no exported member 'ComponentProps'.
client/src/components/ui/context-menu.tsx(117,10): error TS2694: Namespace '"react"' has no exported member 'ComponentProps'.
client/src/components/ui/context-menu.tsx(140,10): error TS2694: Namespace '"react"' has no exported member 'ComponentProps'.
client/src/components/ui/context-menu.tsx(165,10): error TS2694: Namespace '"react"' has no exported member 'ComponentProps'.
client/src/components/ui/context-menu.tsx(189,10): error TS2694: Namespace '"react"' has no exported member 'ComponentProps'.
client/src/components/ui/context-menu.tsx(208,10): error TS2694: Namespace '"react"' has no exported member 'ComponentProps'.
client/src/components/ui/context-menu.tsx(221,10): error TS2694: Namespace '"react"' has no exported member 'ComponentProps'.
client/src/components/ui/dialog.tsx(7,34): error TS2347: Untyped function calls may not accept type arguments.
client/src/components/ui/dialog.tsx(24,10): error TS2694: Namespace '"react"' has no exported member 'ComponentProps'.
client/src/components/ui/dialog.tsx(27,23): error TS2347: Untyped function calls may not accept type arguments.
client/src/components/ui/dialog.tsx(58,10): error TS2694: Namespace '"react"' has no exported member 'ComponentProps'.
client/src/components/ui/dialog.tsx(64,10): error TS2694: Namespace '"react"' has no exported member 'ComponentProps'.
client/src/components/ui/dialog.tsx(70,10): error TS2694: Namespace '"react"' has no exported member 'ComponentProps'.
client/src/components/ui/dialog.tsx(77,10): error TS2694: Namespace '"react"' has no exported member 'ComponentProps'.
client/src/components/ui/dialog.tsx(98,10): error TS2694: Namespace '"react"' has no exported member 'ComponentProps'.
client/src/components/ui/dialog.tsx(148,54): error TS2694: Namespace '"react"' has no exported member 'ComponentProps'.
client/src/components/ui/dialog.tsx(158,54): error TS2694: Namespace '"react"' has no exported member 'ComponentProps'.
client/src/components/ui/dialog.tsx(174,10): error TS2694: Namespace '"react"' has no exported member 'ComponentProps'.
client/src/components/ui/dialog.tsx(187,10): error TS2694: Namespace '"react"' has no exported member 'ComponentProps'.
client/src/components/ui/drawer.tsx(8,10): error TS2694: Namespace '"react"' has no exported member 'ComponentProps'.
client/src/components/ui/drawer.tsx(14,10): error TS2694: Namespace '"react"' has no exported member 'ComponentProps'.
client/src/components/ui/drawer.tsx(20,10): error TS2694: Namespace '"react"' has no exported member 'ComponentProps'.
client/src/components/ui/drawer.tsx(26,10): error TS2694: Namespace '"react"' has no exported member 'ComponentProps'.
client/src/components/ui/drawer.tsx(33,10): error TS2694: Namespace '"react"' has no exported member 'ComponentProps'.
client/src/components/ui/drawer.tsx(50,10): error TS2694: Namespace '"react"' has no exported member 'ComponentProps'.
client/src/components/ui/drawer.tsx(73,54): error TS2694: Namespace '"react"' has no exported member 'ComponentProps'.
client/src/components/ui/drawer.tsx(86,54): error TS2694: Namespace '"react"' has no exported member 'ComponentProps'.
client/src/components/ui/drawer.tsx(99,10): error TS2694: Namespace '"react"' has no exported member 'ComponentProps'.
client/src/components/ui/drawer.tsx(112,10): error TS2694: Namespace '"react"' has no exported member 'ComponentProps'.
client/src/components/ui/dropdown-menu.tsx(9,10): error TS2694: Namespace '"react"' has no exported member 'ComponentProps'.
client/src/components/ui/dropdown-menu.tsx(15,10): error TS2694: Namespace '"react"' has no exported member 'ComponentProps'.
client/src/components/ui/dropdown-menu.tsx(23,10): error TS2694: Namespace '"react"' has no exported member 'ComponentProps'.
client/src/components/ui/dropdown-menu.tsx(36,10): error TS2694: Namespace '"react"' has no exported member 'ComponentProps'.
client/src/components/ui/dropdown-menu.tsx(54,10): error TS2694: Namespace '"react"' has no exported member 'ComponentProps'.
client/src/components/ui/dropdown-menu.tsx(65,10): error TS2694: Namespace '"react"' has no exported member 'ComponentProps'.
client/src/components/ui/dropdown-menu.tsx(88,10): error TS2694: Namespace '"react"' has no exported member 'ComponentProps'.
client/src/components/ui/dropdown-menu.tsx(111,10): error TS2694: Namespace '"react"' has no exported member 'ComponentProps'.
client/src/components/ui/dropdown-menu.tsx(124,10): error TS2694: Namespace '"react"' has no exported member 'ComponentProps'.
client/src/components/ui/dropdown-menu.tsx(148,10): error TS2694: Namespace '"react"' has no exported member 'ComponentProps'.
client/src/components/ui/dropdown-menu.tsx(167,10): error TS2694: Namespace '"react"' has no exported member 'ComponentProps'.
client/src/components/ui/dropdown-menu.tsx(180,10): error TS2694: Namespace '"react"' has no exported member 'ComponentProps'.
client/src/components/ui/dropdown-menu.tsx(195,10): error TS2694: Namespace '"react"' has no exported member 'ComponentProps'.
client/src/components/ui/dropdown-menu.tsx(204,10): error TS2694: Namespace '"react"' has no exported member 'ComponentProps'.
client/src/components/ui/dropdown-menu.tsx(226,10): error TS2694: Namespace '"react"' has no exported member 'ComponentProps'.
client/src/components/ui/form.tsx(28,26): error TS2347: Untyped function calls may not accept type arguments.
client/src/components/ui/form.tsx(72,25): error TS2347: Untyped function calls may not accept type arguments.
client/src/components/ui/form.tsx(76,50): error TS2694: Namespace '"react"' has no exported member 'ComponentProps'.
client/src/components/ui/form.tsx(93,10): error TS2694: Namespace '"react"' has no exported member 'ComponentProps'.
client/src/components/ui/form.tsx(107,42): error TS2694: Namespace '"react"' has no exported member 'ComponentProps'.
client/src/components/ui/form.tsx(126,57): error TS2694: Namespace '"react"' has no exported member 'ComponentProps'.
client/src/components/ui/form.tsx(139,53): error TS2694: Namespace '"react"' has no exported member 'ComponentProps'.
client/src/components/ui/hover-card.tsx(8,10): error TS2694: Namespace '"react"' has no exported member 'ComponentProps'.
client/src/components/ui/hover-card.tsx(14,10): error TS2694: Namespace '"react"' has no exported member 'ComponentProps'.
client/src/components/ui/hover-card.tsx(25,10): error TS2694: Namespace '"react"' has no exported member 'ComponentProps'.
client/src/components/ui/input-group.tsx(9,52): error TS2694: Namespace '"react"' has no exported member 'ComponentProps'.
client/src/components/ui/input-group.tsx(62,10): error TS2694: Namespace '"react"' has no exported member 'ComponentProps'.
client/src/components/ui/input-group.tsx(104,15): error TS2694: Namespace '"react"' has no exported member 'ComponentProps'.
client/src/components/ui/input-group.tsx(117,56): error TS2694: Namespace '"react"' has no exported member 'ComponentProps'.
client/src/components/ui/input-group.tsx(132,10): error TS2694: Namespace '"react"' has no exported member 'ComponentProps'.
client/src/components/ui/input-group.tsx(148,10): error TS2694: Namespace '"react"' has no exported member 'ComponentProps'.
client/src/components/ui/input-otp.tsx(11,10): error TS2694: Namespace '"react"' has no exported member 'ComponentProps'.
client/src/components/ui/input-otp.tsx(27,55): error TS2694: Namespace '"react"' has no exported member 'ComponentProps'.
client/src/components/ui/input-otp.tsx(41,10): error TS2694: Namespace '"react"' has no exported member 'ComponentProps'.
client/src/components/ui/input-otp.tsx(67,48): error TS2694: Namespace '"react"' has no exported member 'ComponentProps'.
client/src/components/ui/input.tsx(13,10): error TS2694: Namespace '"react"' has no exported member 'ComponentProps'.
client/src/components/ui/item.tsx(8,51): error TS2694: Namespace '"react"' has no exported member 'ComponentProps'.
client/src/components/ui/item.tsx(22,10): error TS2694: Namespace '"react"' has no exported member 'ComponentProps'.
client/src/components/ui/item.tsx(60,10): error TS2694: Namespace '"react"' has no exported member 'ComponentProps'.
client/src/components/ui/item.tsx(95,10): error TS2694: Namespace '"react"' has no exported member 'ComponentProps'.
client/src/components/ui/item.tsx(106,53): error TS2694: Namespace '"react"' has no exported member 'ComponentProps'.
client/src/components/ui/item.tsx(119,51): error TS2694: Namespace '"react"' has no exported member 'ComponentProps'.
client/src/components/ui/item.tsx(132,57): error TS2694: Namespace '"react"' has no exported member 'ComponentProps'.
client/src/components/ui/item.tsx(146,53): error TS2694: Namespace '"react"' has no exported member 'ComponentProps'.
client/src/components/ui/item.tsx(156,52): error TS2694: Namespace '"react"' has no exported member 'ComponentProps'.
client/src/components/ui/item.tsx(169,52): error TS2694: Namespace '"react"' has no exported member 'ComponentProps'.
client/src/components/ui/label.tsx(9,10): error TS2694: Namespace '"react"' has no exported member 'ComponentProps'.
client/src/components/ui/menubar.tsx(10,10): error TS2694: Namespace '"react"' has no exported member 'ComponentProps'.
client/src/components/ui/menubar.tsx(25,10): error TS2694: Namespace '"react"' has no exported member 'ComponentProps'.
client/src/components/ui/menubar.tsx(31,10): error TS2694: Namespace '"react"' has no exported member 'ComponentProps'.
client/src/components/ui/menubar.tsx(37,10): error TS2694: Namespace '"react"' has no exported member 'ComponentProps'.
client/src/components/ui/menubar.tsx(43,10): error TS2694: Namespace '"react"' has no exported member 'ComponentProps'.
client/src/components/ui/menubar.tsx(52,10): error TS2694: Namespace '"react"' has no exported member 'ComponentProps'.
client/src/components/ui/menubar.tsx(71,10): error TS2694: Namespace '"react"' has no exported member 'ComponentProps'.
client/src/components/ui/menubar.tsx(94,10): error TS2694: Namespace '"react"' has no exported member 'ComponentProps'.
client/src/components/ui/menubar.tsx(117,10): error TS2694: Namespace '"react"' has no exported member 'ComponentProps'.
client/src/components/ui/menubar.tsx(142,10): error TS2694: Namespace '"react"' has no exported member 'ComponentProps'.
client/src/components/ui/menubar.tsx(166,10): error TS2694: Namespace '"react"' has no exported member 'ComponentProps'.
client/src/components/ui/menubar.tsx(185,10): error TS2694: Namespace '"react"' has no exported member 'ComponentProps'.
client/src/components/ui/menubar.tsx(198,10): error TS2694: Namespace '"react"' has no exported member 'ComponentProps'.
client/src/components/ui/menubar.tsx(213,10): error TS2694: Namespace '"react"' has no exported member 'ComponentProps'.
client/src/components/ui/menubar.tsx(222,10): error TS2694: Namespace '"react"' has no exported member 'ComponentProps'.
client/src/components/ui/menubar.tsx(244,10): error TS2694: Namespace '"react"' has no exported member 'ComponentProps'.
client/src/components/ui/navigation-menu.tsx(13,10): error TS2694: Namespace '"react"' has no exported member 'ComponentProps'.
client/src/components/ui/navigation-menu.tsx(35,10): error TS2694: Namespace '"react"' has no exported member 'ComponentProps'.
client/src/components/ui/navigation-menu.tsx(51,10): error TS2694: Namespace '"react"' has no exported member 'ComponentProps'.
client/src/components/ui/navigation-menu.tsx(69,10): error TS2694: Namespace '"react"' has no exported member 'ComponentProps'.
client/src/components/ui/navigation-menu.tsx(88,10): error TS2694: Namespace '"react"' has no exported member 'ComponentProps'.
client/src/components/ui/navigation-menu.tsx(105,10): error TS2694: Namespace '"react"' has no exported member 'ComponentProps'.
client/src/components/ui/navigation-menu.tsx(127,10): error TS2694: Namespace '"react"' has no exported member 'ComponentProps'.
client/src/components/ui/navigation-menu.tsx(143,10): error TS2694: Namespace '"react"' has no exported member 'ComponentProps'.
client/src/components/ui/pagination.tsx(11,52): error TS2694: Namespace '"react"' has no exported member 'ComponentProps'.
client/src/components/ui/pagination.tsx(26,10): error TS2694: Namespace '"react"' has no exported member 'ComponentProps'.
client/src/components/ui/pagination.tsx(36,45): error TS2694: Namespace '"react"' has no exported member 'ComponentProps'.
client/src/components/ui/pagination.tsx(42,16): error TS2694: Namespace '"react"' has no exported member 'ComponentProps'.
client/src/components/ui/pagination.tsx(43,9): error TS2694: Namespace '"react"' has no exported member 'ComponentProps'.
client/src/components/ui/pagination.tsx(71,10): error TS2694: Namespace '"react"' has no exported member 'ComponentProps'.
client/src/components/ui/pagination.tsx(88,10): error TS2694: Namespace '"react"' has no exported member 'ComponentProps'.
client/src/components/ui/pagination.tsx(105,10): error TS2694: Namespace '"react"' has no exported member 'ComponentProps'.
client/src/components/ui/popover.tsx(8,10): error TS2694: Namespace '"react"' has no exported member 'ComponentProps'.
client/src/components/ui/popover.tsx(14,10): error TS2694: Namespace '"react"' has no exported member 'ComponentProps'.
client/src/components/ui/popover.tsx(23,10): error TS2694: Namespace '"react"' has no exported member 'ComponentProps'.
client/src/components/ui/popover.tsx(42,10): error TS2694: Namespace '"react"' has no exported member 'ComponentProps'.
client/src/components/ui/progress.tsx(10,10): error TS2694: Namespace '"react"' has no exported member 'ComponentProps'.
client/src/components/ui/radio-group.tsx(10,10): error TS2694: Namespace '"react"' has no exported member 'ComponentProps'.
client/src/components/ui/radio-group.tsx(23,10): error TS2694: Namespace '"react"' has no exported member 'ComponentProps'.
client/src/components/ui/resizable.tsx(10,10): error TS2694: Namespace '"react"' has no exported member 'ComponentProps'.
client/src/components/ui/resizable.tsx(25,10): error TS2694: Namespace '"react"' has no exported member 'ComponentProps'.
client/src/components/ui/resizable.tsx(33,10): error TS2694: Namespace '"react"' has no exported member 'ComponentProps'.
client/src/components/ui/scroll-area.tsx(10,10): error TS2694: Namespace '"react"' has no exported member 'ComponentProps'.
client/src/components/ui/scroll-area.tsx(33,10): error TS2694: Namespace '"react"' has no exported member 'ComponentProps'.
client/src/components/ui/select.tsx(9,10): error TS2694: Namespace '"react"' has no exported member 'ComponentProps'.
client/src/components/ui/select.tsx(15,10): error TS2694: Namespace '"react"' has no exported member 'ComponentProps'.
client/src/components/ui/select.tsx(21,10): error TS2694: Namespace '"react"' has no exported member 'ComponentProps'.
client/src/components/ui/select.tsx(30,10): error TS2694: Namespace '"react"' has no exported member 'ComponentProps'.
client/src/components/ui/select.tsx(57,10): error TS2694: Namespace '"react"' has no exported member 'ComponentProps'.
client/src/components/ui/select.tsx(91,10): error TS2694: Namespace '"react"' has no exported member 'ComponentProps'.
client/src/components/ui/select.tsx(105,10): error TS2694: Namespace '"react"' has no exported member 'ComponentProps'.
client/src/components/ui/select.tsx(128,10): error TS2694: Namespace '"react"' has no exported member 'ComponentProps'.
client/src/components/ui/select.tsx(141,10): error TS2694: Namespace '"react"' has no exported member 'ComponentProps'.
client/src/components/ui/select.tsx(159,10): error TS2694: Namespace '"react"' has no exported member 'ComponentProps'.
client/src/components/ui/separator.tsx(11,10): error TS2694: Namespace '"react"' has no exported member 'ComponentProps'.
client/src/components/ui/sheet.tsx(9,36): error TS2694: Namespace '"react"' has no exported member 'ComponentProps'.
client/src/components/ui/sheet.tsx(15,10): error TS2694: Namespace '"react"' has no exported member 'ComponentProps'.
client/src/components/ui/sheet.tsx(21,10): error TS2694: Namespace '"react"' has no exported member 'ComponentProps'.
client/src/components/ui/sheet.tsx(27,10): error TS2694: Namespace '"react"' has no exported member 'ComponentProps'.
client/src/components/ui/sheet.tsx(34,10): error TS2694: Namespace '"react"' has no exported member 'ComponentProps'.
client/src/components/ui/sheet.tsx(52,10): error TS2694: Namespace '"react"' has no exported member 'ComponentProps'.
client/src/components/ui/sheet.tsx(84,53): error TS2694: Namespace '"react"' has no exported member 'ComponentProps'.
client/src/components/ui/sheet.tsx(94,53): error TS2694: Namespace '"react"' has no exported member 'ComponentProps'.
client/src/components/ui/sheet.tsx(107,10): error TS2694: Namespace '"react"' has no exported member 'ComponentProps'.
client/src/components/ui/sheet.tsx(120,10): error TS2694: Namespace '"react"' has no exported member 'ComponentProps'.
client/src/components/ui/sidebar.tsx(44,24): error TS2347: Untyped function calls may not accept type arguments.
client/src/components/ui/sidebar.tsx(63,10): error TS2694: Namespace '"react"' has no exported member 'ComponentProps'.
client/src/components/ui/sidebar.tsx(92,37): error TS7006: Parameter 'open' implicitly has an 'any' type.
client/src/components/ui/sidebar.tsx(92,62): error TS7006: Parameter 'open' implicitly has an 'any' type.
client/src/components/ui/sidebar.tsx(115,24): error TS2347: Untyped function calls may not accept type arguments.
client/src/components/ui/sidebar.tsx(138,24): error TS2694: Namespace '"react"' has no exported member 'CSSProperties'.
client/src/components/ui/sidebar.tsx(161,10): error TS2694: Namespace '"react"' has no exported member 'ComponentProps'.
client/src/components/ui/sidebar.tsx(195,24): error TS2694: Namespace '"react"' has no exported member 'CSSProperties'.
client/src/components/ui/sidebar.tsx(267,10): error TS2694: Namespace '"react"' has no exported member 'ComponentProps'.
client/src/components/ui/sidebar.tsx(277,16): error TS7006: Parameter 'event' implicitly has an 'any' type.
client/src/components/ui/sidebar.tsx(289,53): error TS2694: Namespace '"react"' has no exported member 'ComponentProps'.
client/src/components/ui/sidebar.tsx(314,54): error TS2694: Namespace '"react"' has no exported member 'ComponentProps'.
client/src/components/ui/sidebar.tsx(331,10): error TS2694: Namespace '"react"' has no exported member 'ComponentProps'.
client/src/components/ui/sidebar.tsx(342,55): error TS2694: Namespace '"react"' has no exported member 'ComponentProps'.
client/src/components/ui/sidebar.tsx(353,55): error TS2694: Namespace '"react"' has no exported member 'ComponentProps'.
client/src/components/ui/sidebar.tsx(367,10): error TS2694: Namespace '"react"' has no exported member 'ComponentProps'.
client/src/components/ui/sidebar.tsx(378,56): error TS2694: Namespace '"react"' has no exported member 'ComponentProps'.
client/src/components/ui/sidebar.tsx(392,54): error TS2694: Namespace '"react"' has no exported member 'ComponentProps'.
client/src/components/ui/sidebar.tsx(407,10): error TS2694: Namespace '"react"' has no exported member 'ComponentProps'.
client/src/components/ui/sidebar.tsx(428,10): error TS2694: Namespace '"react"' has no exported member 'ComponentProps'.
client/src/components/ui/sidebar.tsx(450,10): error TS2694: Namespace '"react"' has no exported member 'ComponentProps'.
client/src/components/ui/sidebar.tsx(461,53): error TS2694: Namespace '"react"' has no exported member 'ComponentProps'.
client/src/components/ui/sidebar.tsx(472,57): error TS2694: Namespace '"react"' has no exported member 'ComponentProps'.
client/src/components/ui/sidebar.tsx(513,10): error TS2694: Namespace '"react"' has no exported member 'ComponentProps'.
client/src/components/ui/sidebar.tsx(516,28): error TS2694: Namespace '"react"' has no exported member 'ComponentProps'.
client/src/components/ui/sidebar.tsx(560,10): error TS2694: Namespace '"react"' has no exported member 'ComponentProps'.
client/src/components/ui/sidebar.tsx(590,10): error TS2694: Namespace '"react"' has no exported member 'ComponentProps'.
client/src/components/ui/sidebar.tsx(613,10): error TS2694: Namespace '"react"' has no exported member 'ComponentProps'.
client/src/components/ui/sidebar.tsx(640,22): error TS2694: Namespace '"react"' has no exported member 'CSSProperties'.
client/src/components/ui/sidebar.tsx(647,56): error TS2694: Namespace '"react"' has no exported member 'ComponentProps'.
client/src/components/ui/sidebar.tsx(665,10): error TS2694: Namespace '"react"' has no exported member 'ComponentProps'.
client/src/components/ui/sidebar.tsx(682,10): error TS2694: Namespace '"react"' has no exported member 'ComponentProps'.
client/src/components/ui/slider.tsx(13,10): error TS2694: Namespace '"react"' has no exported member 'ComponentProps'.
client/src/components/ui/sonner.tsx(4,32): error TS2709: Cannot use namespace 'ToasterProps' as a type.
client/src/components/ui/switch.tsx(9,10): error TS2694: Namespace '"react"' has no exported member 'ComponentProps'.
client/src/components/ui/table.tsx(5,47): error TS2694: Namespace '"react"' has no exported member 'ComponentProps'.
client/src/components/ui/table.tsx(20,53): error TS2694: Namespace '"react"' has no exported member 'ComponentProps'.
client/src/components/ui/table.tsx(30,51): error TS2694: Namespace '"react"' has no exported member 'ComponentProps'.
client/src/components/ui/table.tsx(40,53): error TS2694: Namespace '"react"' has no exported member 'ComponentProps'.
client/src/components/ui/table.tsx(53,50): error TS2694: Namespace '"react"' has no exported member 'ComponentProps'.
client/src/components/ui/table.tsx(66,51): error TS2694: Namespace '"react"' has no exported member 'ComponentProps'.
client/src/components/ui/table.tsx(79,51): error TS2694: Namespace '"react"' has no exported member 'ComponentProps'.
client/src/components/ui/table.tsx(95,10): error TS2694: Namespace '"react"' has no exported member 'ComponentProps'.
client/src/components/ui/tabs.tsx(9,10): error TS2694: Namespace '"react"' has no exported member 'ComponentProps'.
client/src/components/ui/tabs.tsx(22,10): error TS2694: Namespace '"react"' has no exported member 'ComponentProps'.
client/src/components/ui/tabs.tsx(38,10): error TS2694: Namespace '"react"' has no exported member 'ComponentProps'.
client/src/components/ui/tabs.tsx(54,10): error TS2694: Namespace '"react"' has no exported member 'ComponentProps'.
client/src/components/ui/textarea.tsx(12,10): error TS2694: Namespace '"react"' has no exported member 'ComponentProps'.
client/src/components/ui/toggle-group.tsx(10,28): error TS2347: Untyped function calls may not accept type arguments.
client/src/components/ui/toggle-group.tsx(23,10): error TS2694: Namespace '"react"' has no exported member 'ComponentProps'.
client/src/components/ui/toggle-group.tsx(49,10): error TS2694: Namespace '"react"' has no exported member 'ComponentProps'.
client/src/components/ui/toggle.tsx(34,10): error TS2694: Namespace '"react"' has no exported member 'ComponentProps'.
client/src/components/ui/tooltip.tsx(9,10): error TS2694: Namespace '"react"' has no exported member 'ComponentProps'.
client/src/components/ui/tooltip.tsx(21,10): error TS2694: Namespace '"react"' has no exported member 'ComponentProps'.
client/src/components/ui/tooltip.tsx(31,10): error TS2694: Namespace '"react"' has no exported member 'ComponentProps'.
client/src/components/ui/tooltip.tsx(40,10): error TS2694: Namespace '"react"' has no exported member 'ComponentProps'.
client/src/contexts/ThemeContext.tsx(11,22): error TS2347: Untyped function calls may not accept type arguments.
client/src/contexts/ThemeContext.tsx(14,19): error TS2694: Namespace '"react"' has no exported member 'ReactNode'.
client/src/contexts/ThemeContext.tsx(24,29): error TS2347: Untyped function calls may not accept type arguments.
client/src/contexts/ThemeContext.tsx(47,18): error TS7006: Parameter 'prev' implicitly has an 'any' type.
client/src/hooks/useComposition.ts(33,17): error TS2347: Untyped function calls may not accept type arguments.
client/src/hooks/useComposition.ts(34,18): error TS2347: Untyped function calls may not accept type arguments.
client/src/hooks/useFileUpload.ts(124,29): error TS2347: Untyped function calls may not accept type arguments.
client/src/hooks/useFileUpload.ts(125,24): error TS2347: Untyped function calls may not accept type arguments.
client/src/hooks/useFileUpload.ts(135,19): error TS7006: Parameter 'prev' implicitly has an 'any' type.
client/src/hooks/useFileUpload.ts(136,21): error TS7006: Parameter 'f' implicitly has an 'any' type.
client/src/hooks/useFileUpload.ts(143,19): error TS7006: Parameter 'prev' implicitly has an 'any' type.
client/src/hooks/useFileUpload.ts(144,21): error TS7006: Parameter 'f' implicitly has an 'any' type.
client/src/hooks/useFileUpload.ts(192,19): error TS7006: Parameter 'prev' implicitly has an 'any' type.
client/src/hooks/useFileUpload.ts(201,15): error TS7006: Parameter 'prev' implicitly has an 'any' type.
client/src/hooks/useFileUpload.ts(202,31): error TS7006: Parameter 'f' implicitly has an 'any' type.
client/src/hooks/useFileUpload.ts(204,27): error TS7006: Parameter 'f' implicitly has an 'any' type.
client/src/hooks/useFileUpload.ts(211,32): error TS7006: Parameter 'f' implicitly has an 'any' type.
client/src/hooks/useFileUpload.ts(214,17): error TS7006: Parameter 'prev' implicitly has an 'any' type.
client/src/hooks/useFileUpload.ts(215,19): error TS7006: Parameter 'f' implicitly has an 'any' type.
client/src/hooks/useFileUpload.ts(226,20): error TS7006: Parameter 'f' implicitly has an 'any' type.
client/src/hooks/useFileUpload.ts(233,16): error TS7006: Parameter 'f' implicitly has an 'any' type.
client/src/hooks/useFileUpload.ts(234,13): error TS7006: Parameter 'f' implicitly has an 'any' type.
client/src/hooks/useFileUpload.ts(243,35): error TS7006: Parameter 'f' implicitly has an 'any' type.
client/src/hooks/useFileUpload.ts(244,33): error TS7006: Parameter 'f' implicitly has an 'any' type.
client/src/hooks/useFileUpload.ts(245,55): error TS7006: Parameter 'f' implicitly has an 'any' type.
client/src/hooks/useMobile.tsx(6,35): error TS2347: Untyped function calls may not accept type arguments.
client/src/hooks/usePersistFn.ts(9,17): error TS2347: Untyped function calls may not accept type arguments.
client/src/hooks/usePersistFn.ts(12,21): error TS2347: Untyped function calls may not accept type arguments.
client/src/pages/ComponentShowcase.tsx(178,27): error TS2347: Untyped function calls may not accept type arguments.
client/src/pages/ComponentShowcase.tsx(179,47): error TS2347: Untyped function calls may not accept type arguments.
client/src/pages/ComponentShowcase.tsx(180,47): error TS2347: Untyped function calls may not accept type arguments.
client/src/pages/ComponentShowcase.tsx(488,41): error TS7006: Parameter 'e' implicitly has an 'any' type.
client/src/pages/ComponentShowcase.tsx(555,43): error TS7006: Parameter 'currentValue' implicitly has an 'any' type.
client/src/pages/ComponentShowcase.tsx(720,36): error TS7006: Parameter 'e' implicitly has an 'any' type.
client/src/pages/ComponentShowcase.tsx(731,38): error TS7006: Parameter 'e' implicitly has an 'any' type.
client/src/pages/ComponentShowcase.tsx(743,36): error TS7006: Parameter 'e' implicitly has an 'any' type.
client/src/pages/ComponentShowcase.tsx(1019,39): error TS7006: Parameter 'e' implicitly has an 'any' type.
client/src/pages/ComponentShowcase.tsx(1392,21): error TS2322: Type '{ api: string; placeholder: string; height: string; emptyStateMessage: string; suggestedPrompts: string[]; }' is not assignable to type 'IntrinsicAttributes & AIChatBoxProps'.
  Property 'height' does not exist on type 'IntrinsicAttributes & AIChatBoxProps'.
client/src/pages/Domains.tsx(36,55): error TS2347: Untyped function calls may not accept type arguments.
client/src/pages/Domains.tsx(43,43): error TS2694: Namespace '"react"' has no exported member 'FormEvent'.
client/src/pages/Domains.tsx(116,43): error TS2694: Namespace '"react"' has no exported member 'ChangeEvent'.
client/src/pages/Domains.tsx(127,43): error TS2694: Namespace '"react"' has no exported member 'ChangeEvent'.
client/src/pages/LinkDetail.tsx(147,21): error TS2339: Property 'last7Days' does not exist on type '{ totalClicks: any; countryStats: any; }'.
client/src/pages/LinkDetail.tsx(149,39): error TS2339: Property 'last7Days' does not exist on type '{ totalClicks: any; countryStats: any; }'.
client/src/pages/LinkDetail.tsx(150,45): error TS2345: Argument of type 'unknown' is not assignable to parameter of type 'number'.
client/src/pages/LinkDetail.tsx(150,68): error TS2339: Property 'last7Days' does not exist on type '{ totalClicks: any; countryStats: any; }'.
client/src/pages/LinkDetail.tsx(174,21): error TS2339: Property 'deviceStats' does not exist on type '{ totalClicks: any; countryStats: any; }'.
client/src/pages/LinkDetail.tsx(174,54): error TS2339: Property 'deviceStats' does not exist on type '{ totalClicks: any; countryStats: any; }'.
client/src/pages/LinkDetail.tsx(176,39): error TS2339: Property 'deviceStats' does not exist on type '{ totalClicks: any; countryStats: any; }'.
client/src/pages/LinkDetail.tsx(185,33): error TS2322: Type 'unknown' is not assignable to type 'ReactNode'.
client/src/pages/LinkDetail.tsx(218,17): error TS2339: Property 'recentClicks' does not exist on type '{ totalClicks: any; countryStats: any; }'.
client/src/pages/LinkDetail.tsx(218,39): error TS2339: Property 'recentClicks' does not exist on type '{ totalClicks: any; countryStats: any; }'.
client/src/pages/LinkDetail.tsx(233,26): error TS2339: Property 'recentClicks' does not exist on type '{ totalClicks: any; countryStats: any; }'.
server/db.ts(120,21): error TS7006: Parameter 'r' implicitly has an 'any' type.
server/db.ts(163,42): error TS7006: Parameter 'sum' implicitly has an 'any' type.
server/db.ts(163,47): error TS7006: Parameter 'link' implicitly has an 'any' type.
server/db.ts(181,34): error TS7006: Parameter 'l' implicitly has an 'any' type.
server/routers.ts(290,54): error TS2345: Argument of type '{ search: string | undefined; tag: string | undefined; status: "active" | "all" | "invalid" | undefined; orderBy: "createdAt" | "updatedAt" | "clickCount" | undefined; order: "asc" | "desc" | undefined; }' is not assignable to parameter of type 'string'.
